&parser.fromInstruction{
    elements: {
        &parser.fromString{rawText:"FROM"},
        &parser.space{rawText:" "},
        &parser.imageInfo{
            name:   "ubuntu",
            tag:    optional.Of[string]{},
            digest: optional.Of[string]{value:"sha256:b4b521bfcec90b11d2869e00fe1f2380c21cbfcd799ee35df8bd7ac09e6f63ea", valid:true},
        },
        &parser.newlineChar{rawText:"\n"},
    },
    fromString: &parser.fromString{rawText:"FROM"},
    imageInfo:  &parser.imageInfo{
        name:   "ubuntu",
        tag:    optional.Of[string]{},
        digest: optional.Of[string]{value:"sha256:b4b521bfcec90b11d2869e00fe1f2380c21cbfcd799ee35df8bd7ac09e6f63ea", valid:true},
    },
    buildStageInfo: optional.Of[*github.com/tklab-group/forge/moldfile/parser.buildStageInfo]{},
    platformArg:    optional.Of[*github.com/tklab-group/forge/moldfile/parser.platformArg]{},
}