&parser.fromInstruction{
    elements: {
        &parser.fromString{
            rawTextContainer: parser.rawTextContainer{rawText:"from"},
        },
        &parser.space{
            rawTextContainer: parser.rawTextContainer{rawText:" "},
        },
        &parser.imageInfo{
            name:   "ubuntu",
            tag:    optional.Of[string]{},
            digest: optional.Of[string]{},
        },
    },
    fromString: &parser.fromString{
        rawTextContainer: parser.rawTextContainer{rawText:"from"},
    },
    imageInfo: &parser.imageInfo{
        name:   "ubuntu",
        tag:    optional.Of[string]{},
        digest: optional.Of[string]{},
    },
    buildStageInfo: optional.Of[*github.com/tklab-group/forge/moldfile/parser.buildStageInfo]{},
    platformFlag:   optional.Of[*github.com/tklab-group/forge/moldfile/parser.platformFlag]{},
}