&parser.fromInstruction{
    elements: {
        &parser.fromString{rawText:"FROM"},
        &parser.space{rawText:" "},
        &parser.platformFlag{rawText:"--platform=linux/amd64"},
        &parser.space{rawText:" "},
        &parser.imageInfo{
            name:   "ubuntu",
            tag:    optional.Of[string]{value:"latest", valid:true},
            digest: optional.Of[string]{},
        },
    },
    fromString: &parser.fromString{rawText:"FROM"},
    imageInfo:  &parser.imageInfo{
        name:   "ubuntu",
        tag:    optional.Of[string]{value:"latest", valid:true},
        digest: optional.Of[string]{},
    },
    buildStageInfo: optional.Of[*github.com/tklab-group/forge/moldfile/parser.buildStageInfo]{},
    platformFlag:   optional.Of[*github.com/tklab-group/forge/moldfile/parser.platformFlag]{
        value: &parser.platformFlag{rawText:"--platform=linux/amd64"},
        valid: true,
    },
}