&parser.fromInstruction{
    elements: {
        &parser.fromString{
            rawTextContainer: parser.rawTextContainer{rawText:"FROM"},
        },
        &parser.space{
            rawTextContainer: parser.rawTextContainer{rawText:" "},
        },
        &parser.imageInfo{
            name:   "ubuntu",
            tag:    optional.Of[string]{value:"latest", valid:true},
            digest: optional.Of[string]{},
        },
        &parser.space{
            rawTextContainer: parser.rawTextContainer{rawText:" "},
        },
        &parser.buildStageInfo{
            elements: {
                &parser.buildStageInfoAsString{
                    rawTextContainer: parser.rawTextContainer{rawText:"AS"},
                },
                &parser.space{
                    rawTextContainer: parser.rawTextContainer{rawText:" "},
                },
                &parser.buildStageInfoName{
                    rawTextContainer: parser.rawTextContainer{rawText:"builder"},
                },
                &parser.newlineChar{
                    rawTextContainer: parser.rawTextContainer{rawText:"\n"},
                },
            },
            asString: &parser.buildStageInfoAsString{
                rawTextContainer: parser.rawTextContainer{rawText:"AS"},
            },
            name: &parser.buildStageInfoName{
                rawTextContainer: parser.rawTextContainer{rawText:"builder"},
            },
        },
    },
    fromString: &parser.fromString{
        rawTextContainer: parser.rawTextContainer{rawText:"FROM"},
    },
    imageInfo: &parser.imageInfo{
        name:   "ubuntu",
        tag:    optional.Of[string]{value:"latest", valid:true},
        digest: optional.Of[string]{},
    },
    buildStageInfo: optional.Of[*github.com/tklab-group/forge/moldfile/parser.buildStageInfo]{
        value: &parser.buildStageInfo{
            elements: {
                &parser.buildStageInfoAsString{
                    rawTextContainer: parser.rawTextContainer{rawText:"AS"},
                },
                &parser.space{
                    rawTextContainer: parser.rawTextContainer{rawText:" "},
                },
                &parser.buildStageInfoName{
                    rawTextContainer: parser.rawTextContainer{rawText:"builder"},
                },
                &parser.newlineChar{
                    rawTextContainer: parser.rawTextContainer{rawText:"\n"},
                },
            },
            asString: &parser.buildStageInfoAsString{
                rawTextContainer: parser.rawTextContainer{rawText:"AS"},
            },
            name: &parser.buildStageInfoName{
                rawTextContainer: parser.rawTextContainer{rawText:"builder"},
            },
        },
        valid: true,
    },
    platformFlag: optional.Of[*github.com/tklab-group/forge/moldfile/parser.platformFlag]{},
}