&parser.fromInstruction{
    elements: {
        &parser.fromString{rawText:"FROM"},
        &parser.space{rawText:" "},
        &parser.imageInfo{
            name:   "ubuntu",
            tag:    optional.Of[string]{value:"latest", valid:true},
            digest: optional.Of[string]{},
        },
        &parser.newlineChar{rawText:"\n"},
    },
    fromString: &parser.fromString{rawText:"FROM"},
    imageInfo:  &parser.imageInfo{
        name:   "ubuntu",
        tag:    optional.Of[string]{value:"latest", valid:true},
        digest: optional.Of[string]{},
    },
    buildStageInfo: optional.Of[*github.com/tklab-group/forge/moldfile/parser.buildStageInfo]{},
    platformArg:    optional.Of[*github.com/tklab-group/forge/moldfile/parser.platformArg]{},
}