&parser.moldFile{
    buildStages: {
        &parser.buildStage{
            instructions: {
                &parser.fromInstruction{
                    elements: {
                        &parser.fromString{
                            rawTextContainer: parser.rawTextContainer{rawText:"FROM"},
                        },
                        &parser.space{
                            rawTextContainer: parser.rawTextContainer{rawText:" "},
                        },
                        &parser.imageInfo{
                            name:   "golang",
                            tag:    optional.Of[string]{},
                            digest: optional.Of[string]{},
                        },
                        &parser.space{
                            rawTextContainer: parser.rawTextContainer{rawText:" "},
                        },
                        &parser.buildStageInfo{
                            elements: {
                                &parser.buildStageInfoAsString{
                                    rawTextContainer: parser.rawTextContainer{rawText:"as"},
                                },
                                &parser.space{
                                    rawTextContainer: parser.rawTextContainer{rawText:" "},
                                },
                                &parser.buildStageInfoName{
                                    rawTextContainer: parser.rawTextContainer{rawText:"builder"},
                                },
                                &parser.newlineChar{
                                    rawTextContainer: parser.rawTextContainer{rawText:"\n"},
                                },
                            },
                            asString: &parser.buildStageInfoAsString{
                                rawTextContainer: parser.rawTextContainer{rawText:"as"},
                            },
                            name: &parser.buildStageInfoName{
                                rawTextContainer: parser.rawTextContainer{rawText:"builder"},
                            },
                        },
                        &parser.newlineChar{
                            rawTextContainer: parser.rawTextContainer{rawText:"\n"},
                        },
                    },
                    fromString: &parser.fromString{
                        rawTextContainer: parser.rawTextContainer{rawText:"FROM"},
                    },
                    imageInfo: &parser.imageInfo{
                        name:   "golang",
                        tag:    optional.Of[string]{},
                        digest: optional.Of[string]{},
                    },
                    buildStageInfo: optional.Of[*github.com/tklab-group/forge/moldfile/parser.buildStageInfo]{
                        value: &parser.buildStageInfo{
                            elements: {
                                &parser.buildStageInfoAsString{
                                    rawTextContainer: parser.rawTextContainer{rawText:"as"},
                                },
                                &parser.space{
                                    rawTextContainer: parser.rawTextContainer{rawText:" "},
                                },
                                &parser.buildStageInfoName{
                                    rawTextContainer: parser.rawTextContainer{rawText:"builder"},
                                },
                                &parser.newlineChar{
                                    rawTextContainer: parser.rawTextContainer{rawText:"\n"},
                                },
                            },
                            asString: &parser.buildStageInfoAsString{
                                rawTextContainer: parser.rawTextContainer{rawText:"as"},
                            },
                            name: &parser.buildStageInfoName{
                                rawTextContainer: parser.rawTextContainer{rawText:"builder"},
                            },
                        },
                        valid: true,
                    },
                    platformFlag: optional.Of[*github.com/tklab-group/forge/moldfile/parser.platformFlag]{},
                },
                &parser.otherInstruction{
                    rawTextContainer: parser.rawTextContainer{rawText:"COPY . .\n"},
                },
                &parser.runInstruction{
                    elements: {
                        &parser.runString{
                            rawTextContainer: parser.rawTextContainer{rawText:"RUN"},
                        },
                        &parser.space{
                            rawTextContainer: parser.rawTextContainer{rawText:" "},
                        },
                        &parser.otherCmd{
                            rawTextContainer: parser.rawTextContainer{rawText:"go build -o app main.go\n"},
                        },
                    },
                    runString: &parser.runString{
                        rawTextContainer: parser.rawTextContainer{rawText:"RUN"},
                    },
                },
            },
        },
        &parser.buildStage{
            instructions: {
                &parser.fromInstruction{
                    elements: {
                        &parser.fromString{
                            rawTextContainer: parser.rawTextContainer{rawText:"FROM"},
                        },
                        &parser.space{
                            rawTextContainer: parser.rawTextContainer{rawText:" "},
                        },
                        &parser.imageInfo{
                            name:   "scratch",
                            tag:    optional.Of[string]{},
                            digest: optional.Of[string]{},
                        },
                        &parser.newlineChar{
                            rawTextContainer: parser.rawTextContainer{rawText:"\n"},
                        },
                    },
                    fromString: &parser.fromString{
                        rawTextContainer: parser.rawTextContainer{rawText:"FROM"},
                    },
                    imageInfo: &parser.imageInfo{
                        name:   "scratch",
                        tag:    optional.Of[string]{},
                        digest: optional.Of[string]{},
                    },
                    buildStageInfo: optional.Of[*github.com/tklab-group/forge/moldfile/parser.buildStageInfo]{},
                    platformFlag:   optional.Of[*github.com/tklab-group/forge/moldfile/parser.platformFlag]{},
                },
                &parser.otherInstruction{
                    rawTextContainer: parser.rawTextContainer{rawText:"COPY --from=builder app\n"},
                },
                &parser.otherInstruction{
                    rawTextContainer: parser.rawTextContainer{rawText:"CMD [\"./app\"]"},
                },
            },
        },
    },
}