parser.VDiff{
    BuildStages: {
        {
            BaseImage: parser.VDiffBaseImage{
                Name:      "ubuntu",
                Moldfile1: parser.VDiffBaseImageUnit{
                    Tag:    optional.Of[string]{value:"20.04", valid:true},
                    Digest: optional.Of[string]{},
                },
                Moldfile2: parser.VDiffBaseImageUnit{
                    Tag:    optional.Of[string]{},
                    Digest: optional.Of[string]{value:"sha256:ed4a42283d9943135ed87d4ee34e542f7f5ad9ecf2f244870e23122f703f91c2", valid:true},
                },
            },
            Packages: {
                {PackageManager:"apt", Name:"wget", Moldfile1:"1.20.3-1ubuntu1", Moldfile2:"1.20.3-1ubuntu2"},
            },
        },
        {
            BaseImage: parser.VDiffBaseImage{
                Name:      "ubuntu",
                Moldfile1: parser.VDiffBaseImageUnit{
                    Tag:    optional.Of[string]{value:"latest", valid:true},
                    Digest: optional.Of[string]{},
                },
                Moldfile2: parser.VDiffBaseImageUnit{
                    Tag:    optional.Of[string]{},
                    Digest: optional.Of[string]{value:"sha256:4c32aacd0f7d1d3a29e82bee76f892ba9bb6a63f17f9327ca0d97c3d39b9b0ee", valid:true},
                },
            },
            Packages: {
                {PackageManager:"apt", Name:"wget", Moldfile1:"", Moldfile2:"1.21.3-1ubuntu1"},
            },
        },
    },
}